#{
#    "CreationDate": "2019-04-09",
#    "LanlGeoMagRevision": "122e2a8b179210d7d5d7e7d332bb03fa24bc9a10",
#    "SunVector": "LOW_ACCURACY",
#    "DateTime": {
#        "DIMENSION": [1], 
#        "START_COLUMN": 0
#    }, 
#    "ExtModel": {
#        "DIMENSION": [1], 
#        "START_COLUMN": 1
#    }, 
#    "IntModel": {
#        "DIMENSION": [1], 
#        "START_COLUMN": 2
#    }, 
#    "Kp": {
#        "DIMENSION": [1], 
#        "START_COLUMN": 3
#    }, 
#    "MinB": {
#        "DIMENSION": [3], 
#        "START_COLUMN": 15, 
#        "units": "nT"
#    },
#    "NorthFP": {
#        "DIMENSION": [3], 
#        "START_COLUMN": 8, 
#        "units": "km"
#    },
#    "Result": {
#        "DIMENSION": [1], 
#        "START_COLUMN": 7
#    }, 
#    "SouthFP": {
#        "DIMENSION": [3], 
#        "START_COLUMN": 11, 
#        "units": "km"
#    },
#    "TestPosition": {
#        "DIMENSION": [3], 
#        "START_COLUMN": 4, 
#        "units": "km"
#    }
#}
2010-12-12T00:00:00.000000 T89 IGRF 2 1 2 2 LGM_CLOSED -0.0620421299 0.39455411901 0.9306480813 0.7666220541 0.3352533669 -0.571429965 2.279625676 2.809834544 1.1244815844
