#{
#    "CreationDate": "2019-04-08",
#    "LanlGeoMagRevision": "122e2a8b179210d7d5d7e7d332bb03fa24bc9a10",
#    "SunVector": "LOW_ACCURACY",
#    "DateTime": {
#        "DIMENSION": [1], 
#        "START_COLUMN": 0
#    }, 
#    "Result": {
#        "DIMENSION": [3], 
#        "START_COLUMN": 7, 
#        "units": "km"
#    }, 
#    "SysIn": {
#        "DIMENSION": [1], 
#        "START_COLUMN": 2
#    }, 
#    "SysOut": {
#        "DIMENSION": [1], 
#        "START_COLUMN": 3
#    }, 
#    "TT2000": {
#        "DIMENSION": [1], 
#        "START_COLUMN": 1
#    }, 
#    "TestPosition": {
#        "DIMENSION": [3], 
#        "START_COLUMN": 4, 
#        "units": "km"
#    }
#}
#Conversion to TT2000 from CDF library
2009-01-01T00:00:00.000000 284040066184000000 SM GSM -4.0 0.0 0.0 -3.607999564981572 1.3877763423443373e-17 -1.726945030766233
2009-01-01T00:00:00.000000 284040066184000000 GSM SM -3.607999564981572 1.3877763423443373e-17 -1.726945030766233 -4.0 0.0 0.0
2009-01-01T00:00:00.000000 284040066184000000 WGS84 GSM 0.9975640502598242 0.0 -0.0697564737441253 -0.8908435824709999 0.09890080939498999 -0.443414412792
2009-01-01T00:00:00.000000 284040066184000000 GSM WGS84 -4.0 0.0 1.0 3.300156765680 -0.134247220526 2.467983591060
