7.000000000000013
0.000000000000030
87.367012010478490
29966.885119594124262
