3.166194330105079
1.311446415884663
1706.997141369585506
30006.437989506655867
