57.489010375182040
139.129903512580910
133.262739493747830
29966.895576135077135
