7.96706218379283
10.9312487946278
628.07992515195
29966.8851195941
628.07992515195
21.678823206256
