5.0293407729574
0.911357207279653
302.290450475853
29937.3136276648
