4.000000000000001
0.000000000000000
468.232303048585436
29966.867395109486097
