11.478302249864024
12.699517512431820
118.288469284019740
29966.895576135077135
