4.51513147096729
0.69161497288978
401.968180187602
29966.8851195941
