#{
#    "CreationDate": "2022-07-25",
#    "LanlGeoMagRevision": "55f6e52ad52cf3f63d39f90464ded7148ad08bec",
#    "SunVector": "LOW_ACCURACY",
#    "DateTime": {
#        "DIMENSION": [1], 
#        "START_COLUMN": 0
#    }, 
#    "ExtModel": {
#        "DIMENSION": [1], 
#        "START_COLUMN": 1
#    }, 
#    "IntModel": {
#        "DIMENSION": [1], 
#        "START_COLUMN": 2
#    }, 
#    "Pdyn": {
#        "DIMENSION": [1], 
#        "START_COLUMN": 3
#    }, 
#    "SymHc_avg": {
#        "DIMENSION": [1], 
#        "START_COLUMN": 4
#    }, 
#    "Nidx": {
#        "DIMENSION": [1], 
#        "START_COLUMN": 5
#    }, 
#    "By_avg": {
#        "DIMENSION": [1], 
#        "START_COLUMN": 6
#    }, 
#    "Result": {
#        "DIMENSION": [3], 
#        "START_COLUMN": 10, 
#        "units": "nT"
#    }, 
#    "TestPosition": {
#        "DIMENSION": [3], 
#        "START_COLUMN": 7, 
#        "units": "km"
#    }
#}
2008-08-31T09:00:00.000000 TA16 IGRF 1.25 -15.9 0.1572 3.37 -6.600000 0.000000 0.000000  -20.260835   1.6253917   72.123406
2008-01-01T22:00:00.000000 TA16 IGRF 1.48 -20.80 0.0755 1.05 3.000000 4.000000 3.000000  -118.14797  -99.189701   67.887647
2008-01-01T22:00:00.000000 TA16 CDIP 1.48 -20.80 0.0755 1.05 3.000000 4.000000 3.000000  -120.02811  -99.594464   69.805245
2008-01-01T22:00:00.000000 TA16 EDIP 1.48 -20.80 0.0755 1.05 3.000000 4.000000 3.000000  -115.74843  -97.443015   70.761531
2001-01-01T00:00:00.000000 TA16 IGRF 3.0 -46.0 1.0 3.0 3.000000 4.000000 3.000000  -110.22981  -72.679912   67.883965
2001-01-01T00:00:00.000000 TA16 IGRF 3.0 -46.0 1.0 3.0 -22.000000 4.000000 3.000000      -1e+31      -1e+31      -1e+31
