#{
#    "CreationDate": "2019-04-09",
#    "LanlGeoMagRevision": "122e2a8b179210d7d5d7e7d332bb03fa24bc9a10",
#    "SunVector": "LOW_ACCURACY",
#    "DateTime": {
#        "DIMENSION": [1], 
#        "START_COLUMN": 0
#    }, 
#    "ExtModel": {
#        "DIMENSION": [1], 
#        "START_COLUMN": 1
#    }, 
#    "Kp": {
#        "DIMENSION": [1], 
#        "START_COLUMN": 2
#    }, 
#    "Result": {
#        "DIMENSION": [3], 
#        "START_COLUMN": 6, 
#        "units": "nT"
#    }, 
#    "TestPosition": {
#        "DIMENSION": [3], 
#        "START_COLUMN": 3, 
#        "units": "km"
#    }
#}
2005-08-31T09:00:00.000000 T89 IGRF 0 -6.6 0 0 -18.927076539382270 -1.857488346594122 80.052089573497625
2005-08-31T09:00:00.000000 T89 IGRF 1 -6.6 0 0 -20.784132182565948 -1.857488346594122 74.280950924408401
2005-08-31T09:00:00.000000 T89 IGRF 2 -6.6 0 0 -22.513829891596075 -1.857488346594122 70.183320782457827
2005-08-31T09:00:00.000000 T89 IGRF 3 -6.6 0 0 -26.367918458616543 -1.857488346594122 64.303840068519463
2009-01-01T00:00:00.000000 T89 IGRF 2 3.0 4.0 3.0 -123.994265 -73.755273 77.986302
2009-01-01T00:00:00.000000 T89 CDIP 2 3.0 4.0 3.0 -123.603699 -75.262705 77.740849
2009-01-01T00:00:00.000000 T89 EDIP 2 3.0 4.0 3.0 -122.127613 -75.432215 79.463218
